xz.tcz
Xprogs.tcz
Xlibs.tcz
Xfbdev.tcz
wbar.tcz
util-linux.tcz
usb-utils.tcz
tar.tcz
sed.tcz
readline.tcz
pcre.tcz
pciutils.tcz
patch.tcz
openssl-1.1.1.tcz
openssh.tcz
nettle3.tcz
ncursesw-utils.tcz
ncursesw-terminfo.tcz
mpfr.tcz
mpc.tcz
mirrors.tcz
mdadm.tcz
make.tcz
m4.tcz
lzo.tcz
lsscsi.tcz
libzstd.tcz
libXt.tcz
libXmu.tcz
libXfont.tcz
libXext.tcz
libXdmcp.tcz
libxcb.tcz
libXau.tcz
libX11.tcz
libuv.tcz
libusb.tcz
libSM.tcz
librhash.tcz
libpng.tcz
libpci.tcz
liblz4.tcz
libjpeg-turbo.tcz
libICE.tcz
libfontenc.tcz
libffi.tcz
libcap.tcz
libarchive.tcz
jsoncpp.tcz
jq.tcz
isl.tcz
imlib2.tcz
imlib2-bin.tcz
harfbuzz.tcz
gzip.tcz
grep.tcz
graphite.tcz
gmp.tcz
glib2.tcz
git.tcz
freetype.tcz
flwm.tcz
fltk-1.3.tcz
findutils.tcz
expat2.tcz
curl.tcz
cpio.tcz
coreutils.tcz
ca-certificates.tcz
bzip2.tcz
bzip2-dev.tcz
binutils.tcz
bash.tcz
attr.tcz
aterm.tcz
acl.tcz
udev-lib.tcz
scsi-5.10.3-tinycore64.tcz
readline7.tcz
raid-dm-5.10.3-tinycore64.tcz
php-8.0-ext.tcz
php-8.0-cli.tcz
pcre21032.tcz
ntpclient.tcz
ncursesw.tcz
lvm2.tcz
libxml2.tcz
liblzma.tcz
liblvm2.tcz
file.tcz
bzip2-lib.tcz
dialog.tcz
kmaps.tcz
glibc_apps.tcz
glibc_i18n_locale.tcz
unifont.tcz
rxvt.tcz
firmware-broadcom_bnx2x.tcz
gettext.tcz
ncursesw.tcz
